MLFQ 6 4 0 N
MLFQ 6 5 0 N
MLFQ 6 6 0 N
MLFQ 6 7 0 N
MLFQ 6 8 0 N
MLFQ 6 3 0 Y
MLFQ 6 4 0 R
MLFQ 8 4 1 D
MLFQ 8 5 0 R
MLFQ 8 5 0 Y
MLFQ 8 6 0 R
MLFQ 9 5 0 W
MLFQ 10 6 1 D
MLFQ 10 7 0 R
MLFQ 11 7 0 Y
MLFQ 11 8 0 R
MLFQ 12 7 0 W
MLFQ 13 8 1 D
MLFQ 13 5 0 R
MLFQ 13 5 0 Y
MLFQ 13 7 0 R
MLFQ 14 5 0 W
MLFQ 15 7 1 D
MLFQ 15 5 0 R
MLFQ 15 5 0 Y
MLFQ 15 4 1 R
MLFQ 16 5 0 W
MLFQ 16 4 1 P
MLFQ 16 5 0 R
MLFQ 16 5 0 Y
MLFQ 16 6 1 R
MLFQ 17 5 0 W
MLFQ 17 6 1 P
MLFQ 17 5 0 R
MLFQ 17 5 0 Y
MLFQ 17 8 1 R
MLFQ 18 5 0 W
MLFQ 18 8 1 P
MLFQ 18 5 0 R
MLFQ 18 5 0 Y
MLFQ 18 7 1 R
MLFQ 18 7 1 Y
MLFQ 18 4 1 R
MLFQ 19 5 0 W
MLFQ 19 7 1 W
MLFQ 19 4 1 P
MLFQ 19 5 0 R
MLFQ 19 5 0 Y
MLFQ 19 6 1 R
MLFQ 20 5 0 W
MLFQ 20 6 1 P
MLFQ 20 5 0 R
MLFQ 20 5 0 Y
MLFQ 20 8 1 R
MLFQ 21 5 0 W
MLFQ 21 8 1 P
MLFQ 21 5 0 R
MLFQ 21 5 0 Y
MLFQ 21 7 1 R
MLFQ 22 5 0 W
MLFQ 22 7 1 P
MLFQ 22 5 0 R
MLFQ 22 5 0 Y
MLFQ 22 4 1 R
MLFQ 23 5 0 W
MLFQ 23 4 1 P
MLFQ 23 5 0 R
MLFQ 23 5 0 Y
MLFQ 23 6 1 R
MLFQ 24 5 0 W
MLFQ 24 6 1 P
MLFQ 24 5 0 R
MLFQ 24 5 0 Y
MLFQ 24 8 1 R
MLFQ 25 5 0 W
MLFQ 25 8 1 P
MLFQ 25 5 0 R
MLFQ 25 5 0 Y
MLFQ 25 7 1 R
MLFQ 26 5 0 W
MLFQ 26 7 1 P
MLFQ 26 5 0 R
MLFQ 26 5 0 Y
MLFQ 26 4 1 R
MLFQ 27 5 0 W
MLFQ 27 4 1 P
MLFQ 27 5 0 R
MLFQ 27 5 0 Y
MLFQ 27 6 1 R
MLFQ 28 5 0 W
MLFQ 28 6 1 P
MLFQ 28 5 0 R
MLFQ 28 5 0 Y
MLFQ 28 8 1 R
MLFQ 29 5 0 W
MLFQ 29 8 1 P
MLFQ 29 5 0 R
MLFQ 29 5 0 Y
MLFQ 29 7 1 R
MLFQ 30 5 0 W
MLFQ 30 7 1 P
MLFQ 30 5 0 R
MLFQ 30 5 0 Y
MLFQ 30 4 1 R
MLFQ 31 5 0 W
MLFQ 31 4 1 P
MLFQ 31 5 0 R
MLFQ 31 5 0 Y
MLFQ 31 6 1 R
MLFQ 32 5 0 W
MLFQ 32 6 1 P
MLFQ 32 5 0 R
MLFQ 32 5 0 Y
MLFQ 32 8 1 R
MLFQ 33 5 0 W
MLFQ 33 8 1 P
MLFQ 33 5 0 R
MLFQ 33 5 0 Y
MLFQ 33 7 1 R
MLFQ 33 7 1 Y
MLFQ 33 4 1 R
MLFQ 34 5 0 W
MLFQ 34 7 1 W
MLFQ 34 4 1 P
MLFQ 34 5 0 R
MLFQ 34 5 0 Y
MLFQ 34 6 1 R
MLFQ 35 5 0 W
MLFQ 35 6 1 P
MLFQ 35 5 0 R
MLFQ 35 5 0 Y
MLFQ 35 8 1 R
MLFQ 36 5 0 W
MLFQ 36 8 1 P
MLFQ 36 5 0 R
MLFQ 36 5 0 Y
MLFQ 36 7 1 R
MLFQ 37 5 0 W
MLFQ 37 7 1 P
MLFQ 37 5 0 R
MLFQ 37 5 0 Y
MLFQ 37 4 1 R
MLFQ 38 5 0 W
MLFQ 38 4 1 P
MLFQ 38 5 0 R
MLFQ 38 5 0 Y
MLFQ 38 6 1 R
MLFQ 39 5 0 W
MLFQ 39 6 1 P
MLFQ 39 5 0 R
MLFQ 39 5 0 Y
MLFQ 39 8 1 R
MLFQ 40 5 0 W
MLFQ 40 8 1 P
MLFQ 40 5 0 R
MLFQ 40 5 0 Y
MLFQ 40 7 1 R
MLFQ 40 7 1 Y
MLFQ 40 4 1 R
MLFQ 41 5 0 W
MLFQ 41 7 1 W
MLFQ 41 4 1 P
MLFQ 41 5 0 R
MLFQ 41 5 0 Y
MLFQ 41 6 1 R
MLFQ 42 5 0 W
MLFQ 42 6 1 P
MLFQ 42 5 0 R
MLFQ 42 5 0 Y
MLFQ 42 8 1 R
MLFQ 43 5 0 W
MLFQ 43 8 1 P
MLFQ 43 5 0 R
MLFQ 43 5 0 Y
MLFQ 43 7 1 R
MLFQ 44 5 0 W
MLFQ 44 7 1 P
MLFQ 44 5 0 R
MLFQ 44 5 0 Y
MLFQ 44 4 1 R
MLFQ 45 5 0 W
MLFQ 45 4 1 P
MLFQ 45 5 0 R
MLFQ 45 5 0 Y
MLFQ 45 6 1 R
MLFQ 46 5 0 W
MLFQ 46 6 1 P
MLFQ 46 5 0 R
MLFQ 46 5 0 Y
MLFQ 46 8 1 R
MLFQ 47 5 0 W
MLFQ 47 8 1 P
MLFQ 47 5 0 R
MLFQ 47 5 0 Y
MLFQ 47 7 1 R
MLFQ 48 5 0 W
MLFQ 48 1 0 B
MLFQ 48 2 0 B
MLFQ 48 3 0 B
MLFQ 48 4 0 B
MLFQ 48 5 0 B
MLFQ 48 6 0 B
MLFQ 48 7 0 B
MLFQ 48 8 0 B
MLFQ 48 7 0 Y
MLFQ 48 4 0 R
MLFQ 49 7 0 W
MLFQ 50 4 1 D
MLFQ 50 6 0 R
MLFQ 52 6 1 D
MLFQ 52 8 0 R
MLFQ 54 8 1 D
MLFQ 54 5 0 R
MLFQ 54 5 0 Y
MLFQ 54 7 0 R
MLFQ 55 5 0 W
MLFQ 56 7 1 D
MLFQ 56 5 0 R
MLFQ 56 3 0 W
MLFQ 56 5 0 E
MLFQ 56 3 0 R
MLFQ 56 3 0 Y
MLFQ 56 4 1 R
MLFQ 61 4 2 D
MLFQ 61 6 1 R
MLFQ 66 6 2 D
MLFQ 66 8 1 R
MLFQ 71 8 2 D
MLFQ 71 7 1 R
MLFQ 71 7 1 Y
MLFQ 71 4 2 R
MLFQ 72 7 1 W
MLFQ 72 4 2 P
MLFQ 72 7 1 R
MLFQ 73 7 1 Y
MLFQ 73 6 2 R
MLFQ 74 7 1 W
MLFQ 74 6 2 P
MLFQ 74 7 1 R
MLFQ 75 7 1 Y
MLFQ 75 8 2 R
MLFQ 76 7 1 W
MLFQ 76 8 2 P
MLFQ 76 7 1 R
MLFQ 77 7 1 Y
MLFQ 77 4 2 R
MLFQ 78 7 1 W
MLFQ 78 4 2 P
MLFQ 78 7 1 R
MLFQ 79 7 1 Y
MLFQ 79 6 2 R
MLFQ 80 7 1 W
MLFQ 80 6 2 P
MLFQ 80 7 1 R
MLFQ 81 7 1 Y
MLFQ 81 8 2 R
MLFQ 82 7 1 W
MLFQ 82 8 2 P
MLFQ 82 7 1 R
MLFQ 83 7 1 Y
MLFQ 83 4 2 R
MLFQ 84 7 1 W
MLFQ 84 4 2 P
MLFQ 84 7 1 R
MLFQ 85 7 1 Y
MLFQ 85 6 2 R
MLFQ 86 7 1 W
MLFQ 86 6 2 P
MLFQ 86 7 1 R
MLFQ 87 7 1 Y
MLFQ 87 8 2 R
MLFQ 88 7 1 W
MLFQ 88 8 2 P
MLFQ 88 7 1 R
MLFQ 89 7 1 Y
MLFQ 89 4 2 R
MLFQ 90 7 1 W
MLFQ 90 4 2 P
MLFQ 90 7 1 R
MLFQ 91 7 1 Y
MLFQ 91 6 2 R
MLFQ 92 7 1 W
MLFQ 92 6 2 P
MLFQ 92 7 1 R
MLFQ 92 3 0 W
MLFQ 92 7 1 E
MLFQ 92 3 0 R
MLFQ 92 3 0 Y
MLFQ 92 8 2 R
MLFQ 96 1 0 B
MLFQ 96 2 0 B
MLFQ 96 3 0 B
MLFQ 96 4 0 B
MLFQ 96 6 0 B
MLFQ 96 8 0 B
MLFQ 97 8 1 D
MLFQ 97 4 0 R
MLFQ 99 4 1 D
MLFQ 99 6 0 R
MLFQ 101 6 1 D
MLFQ 101 8 1 R
MLFQ 106 8 2 D
MLFQ 106 4 1 R
MLFQ 111 4 2 D
MLFQ 111 6 1 R
MLFQ 116 6 2 D
MLFQ 116 8 2 R
MLFQ 125 8 3 D
MLFQ 125 4 2 R
MLFQ 134 4 3 D
MLFQ 134 6 2 R
MLFQ 143 6 3 D
MLFQ 143 8 3 R
MLFQ 144 1 0 B
MLFQ 144 2 0 B
MLFQ 144 3 0 B
MLFQ 144 4 0 B
MLFQ 144 6 0 B
MLFQ 144 8 0 B
MLFQ 145 8 1 D
MLFQ 145 4 0 R
MLFQ 147 4 1 D
MLFQ 147 6 0 R
MLFQ 149 6 1 D
MLFQ 149 8 1 R
MLFQ 154 8 2 D
MLFQ 154 4 1 R
MLFQ 159 4 2 D
MLFQ 159 6 1 R
MLFQ 160 3 0 W
MLFQ 160 6 1 E
MLFQ 160 3 0 R
MLFQ 160 3 0 Y
MLFQ 160 8 2 R
MLFQ 169 8 3 D
MLFQ 169 4 2 R
MLFQ 178 4 3 D
MLFQ 178 8 3 R
MLFQ 187 3 0 W
MLFQ 187 8 3 E
MLFQ 187 3 0 R
MLFQ 188 3 0 Y
MLFQ 188 4 3 R
MLFQ 192 1 0 B
MLFQ 192 2 0 B
MLFQ 192 3 0 B
MLFQ 192 4 0 B
MLFQ 193 4 1 D
MLFQ 193 4 1 R
MLFQ 198 4 2 D
MLFQ 198 4 2 R
MLFQ 201 3 0 W
MLFQ 201 4 2 E
MLFQ 201 3 0 R
